// Jest Snapshot v1, https://goo.gl/fbAQLP

exports[`Question card component should render Question card correctly 1`] = `
<div
  className="py-3"
>
  <div
    className="card col-12 col-md-10 shadow-sm"
  >
    <div
      className="card-body p-0 row"
    >
      <div
        className="col-1 col-md-1 d-flex flex-column justify-content-center my-2"
      >
        <p
          className="col"
        >
          <img
            alt="uparrow"
            className="h-25 arrow-icon"
            src={
              Object {
                "canInstrument": true,
                "createTransformer": [Function],
                "getCacheKey": [Function],
                "process": [Function],
              }
            }
          />
        </p>
        <p
          className="col mx-3"
        >
          0
        </p>
        <p
          className="col"
        >
          <img
            alt="downarrow"
            className="h-25 arrow-icon"
            src={
              Object {
                "canInstrument": true,
                "createTransformer": [Function],
                "getCacheKey": [Function],
                "process": [Function],
              }
            }
          />
        </p>
      </div>
      <div
        className="col-9 col-md-9 row"
      >
        question
      </div>
    </div>
  </div>
</div>
`;
