// Jest Snapshot v1, https://goo.gl/fbAQLP

exports[`Dashboard container should  render dashboard container 1`] = `
<Fragment>
  <ConnectFunction />
  <div
    className=""
  >
    <ConnectFunction />
  </div>
  <Footer />
</Fragment>
`;
