// Jest Snapshot v1, https://goo.gl/fbAQLP

exports[`should render step component correctly 1`] = `
<div
  className="step"
>
  <span>
    <img
      alt=""
      height="90px"
      width="70px"
    />
  </span>
  <p
    className="step_text"
  >
    step
  </p>
</div>
`;
