// Jest Snapshot v1, https://goo.gl/fbAQLP

exports[`Authenticate HOC should render HOC component correctly 1`] = `
<Route
  render={[Function]}
/>
`;
